
Running 1 test using 1 worker

Verified View Live Map -> /user/map
  Γ£ÿ  1 e2e\landing_links.spec.ts:4:1 ΓÇ║ Landing Page Link Verification (6.8s)


  1) e2e\landing_links.spec.ts:4:1 ΓÇ║ Landing Page Link Verification ΓöÇΓöÇΓöÇΓöÇΓöÇΓöÇΓöÇΓöÇΓöÇΓöÇΓöÇΓöÇΓöÇΓöÇΓöÇΓöÇΓöÇΓöÇΓöÇΓöÇΓöÇΓöÇΓöÇΓöÇΓöÇΓöÇΓöÇΓöÇΓöÇΓöÇΓöÇΓöÇ

    Error: [2mexpect([22m[31mpage[39m[2m).[22mtoHaveURL[2m([22m[32mexpected[39m[2m)[22m failed

    Expected pattern: [32m/.*\/login/[39m
    Received string:  [31m"http://localhost:3000/user/dashboard"[39m
    Timeout: 5000ms

    Call log:
    [2m  - Expect "toHaveURL" with timeout 5000ms[22m
    [2m    9 ├ù unexpected value "http://localhost:3000/user/dashboard"[22m


      20 |     // Should redirect to /user/login or /login because /user/dashboard is protected
      21 |     // verifying it TRIED to go to dashboard or login
    > 22 |     await expect(page).toHaveURL(/.*\/login/);
         |                        ^
      23 |     console.log('Verified Hero AI Predictions -> Redirects to Login (protected)');
      24 |
      25 |     // 4. Check "I'm a Patient" -> /user/dashboard -> Login
        at C:\Users\digital metro\Documents\sympto-pulse-map-main\frontend\e2e\landing_links.spec.ts:22:24

    Error Context: test-results\e2e-landing_links-Landing-Page-Link-Verification\error-context.md

  1 failed
    e2e\landing_links.spec.ts:4:1 ΓÇ║ Landing Page Link Verification ΓöÇΓöÇΓöÇΓöÇΓöÇΓöÇΓöÇΓöÇΓöÇΓöÇΓöÇΓöÇΓöÇΓöÇΓöÇΓöÇΓöÇΓöÇΓöÇΓöÇΓöÇΓöÇΓöÇΓöÇΓöÇΓöÇΓöÇΓöÇΓöÇΓöÇΓöÇΓöÇΓöÇ
